// Jest Snapshot v1, https://goo.gl/fbAQLP

exports[`BackButton should render the back button 1`] = `
<div>
  <button
    type="button"
  >
    Back
  </button>
</div>
`;
